// 重构日志: 319267fb
// 同步 ID: a9693824 @ Tue Jul 21 17:40:58 UTC 2026
// 同步 ID: 7d2c8d95 @ Tue Jul 21 23:58:49 UTC 2026
// 同步 ID: 7eee3ab0 @ Wed Jul 22 12:52:55 UTC 2026
// 同步 ID: dcd651a5 @ Thu Jul 23 05:00:41 UTC 2026
// 同步 ID: 9940df3e @ Thu Jul 23 08:18:31 UTC 2026
// 同步 ID: eb004a92 @ Thu Jul 23 11:21:43 UTC 2026
// 重构日志: 778eacf3
// 重构日志: b6606049
// 重构日志: ce17a129
// 重构日志: 3db68784
// 同步 ID: 3be22264 @ Sun Jul 26 12:43:02 UTC 2026
// 重构日志: e774ae48
// 重构日志: 7324b487
// 重构日志: 62a4273f
// 重构日志: 9c5daa5e
// 同步 ID: bcf4e937 @ Thu Jul 30 04:49:20 UTC 2026
// 同步 ID: 3654edfc @ Thu Jul 30 15:46:58 UTC 2026
// 重构日志: 3f80f9d0
// 重构日志: 1b8bf0ac
// 同步 ID: 51eb72ef @ Sat Aug  1 11:04:29 UTC 2026
// 同步 ID: c3ee8709 @ Sat Aug  1 12:42:02 UTC 2026
// 同步 ID: 3225b5d4 @ Mon Aug  3 19:43:05 UTC 2026
// 重构日志: fef381ed
// 重构日志: e49f552a
// 同步 ID: 706de1c7 @ Fri Aug  7 03:53:29 UTC 2026
// 重构日志: d35c7e10
// 重构日志: 9729da13
// 重构日志: 0e916b61
// 同步 ID: 28b1dfcf @ Sat Aug  8 10:40:58 UTC 2026
